[0.004s][warning][gc] -XX:+PrintGCDetails is deprecated. Will use -Xlog:gc* instead.
[0.009s][info   ][gc] Using G1
[0.162s][info   ][gc] GC(0) Pause Young (Normal) (G1 Evacuation Pause) 2M->1M(6M) 1.666ms
[0.175s][info   ][gc] GC(1) Pause Young (Normal) (G1 Evacuation Pause) 1M->1M(6M) 1.675ms
[0.186s][info   ][gc] GC(2) Pause Young (Normal) (G1 Evacuation Pause) 2M->2M(6M) 0.719ms
[0.198s][info   ][gc] GC(3) Pause Young (Normal) (G1 Evacuation Pause) (Evacuation Failure) 4M->4M(6M) 0.707ms
[0.201s][info   ][gc] GC(4) Pause Full (G1 Compaction Pause) 4M->4M(6M) 3.067ms
[0.205s][info   ][gc] GC(5) Pause Young (Concurrent Start) (G1 Evacuation Pause) (Evacuation Failure) 5M->5M(6M) 0.478ms
[0.205s][info   ][gc] GC(6) Concurrent Mark Cycle
[0.208s][info   ][gc] GC(7) Pause Full (G1 Compaction Pause) 5M->4M(6M) 3.028ms
[0.208s][info   ][gc] GC(6) Concurrent Mark Cycle 3.111ms
[0.211s][info   ][gc] GC(8) Pause Young (Concurrent Start) (G1 Humongous Allocation) (Evacuation Failure) 5M->5M(6M) 0.557ms
[0.211s][info   ][gc] GC(9) Concurrent Mark Cycle
[0.214s][info   ][gc] GC(10) Pause Full (G1 Compaction Pause) 5M->5M(6M) 3.102ms
[0.214s][info   ][gc] GC(9) Concurrent Mark Cycle 3.287ms
[0.214s][info   ][gc] GC(11) Pause Young (Normal) (G1 Humongous Allocation) 5M->5M(6M) 0.330ms
[0.217s][info   ][gc] GC(12) Pause Full (G1 Compaction Pause) 5M->5M(6M) 2.402ms
[0.219s][info   ][gc] GC(13) Pause Full (G1 Compaction Pause) 5M->5M(6M) 2.540ms
[0.220s][info   ][gc] GC(14) Pause Young (Concurrent Start) (G1 Evacuation Pause) 5M->5M(6M) 0.351ms
[0.220s][info   ][gc] GC(15) Concurrent Mark Cycle
[0.223s][info   ][gc] GC(16) Pause Full (G1 Compaction Pause) 5M->4M(6M) 2.634ms
[0.223s][info   ][gc] GC(15) Concurrent Mark Cycle 2.728ms
