[0.009s][info][gc,init] CardTable entry size: 512
[0.009s][info][gc     ] Using G1
[0.010s][info][gc,init] Version: 20.0.1+9-29 (release)
[0.010s][info][gc,init] CPUs: 12 total, 12 available
[0.010s][info][gc,init] Memory: 15790M
[0.010s][info][gc,init] Large Page Support: Disabled
[0.010s][info][gc,init] NUMA Support: Disabled
[0.010s][info][gc,init] Compressed Oops: Enabled (32-bit)
[0.010s][info][gc,init] Heap Region Size: 1M
[0.010s][info][gc,init] Heap Min Capacity: 6M
[0.010s][info][gc,init] Heap Initial Capacity: 6M
[0.010s][info][gc,init] Heap Max Capacity: 6M
[0.010s][info][gc,init] Pre-touch: Disabled
[0.010s][info][gc,init] Parallel Workers: 10
[0.010s][info][gc,init] Concurrent Workers: 3
[0.010s][info][gc,init] Concurrent Refinement Workers: 10
[0.011s][info][gc,init] Periodic GC: Disabled
[0.011s][info][gc,metaspace] CDS archive(s) mapped at: [0x0000000800000000-0x0000000800c60000-0x0000000800c60000), size 12976128, SharedBaseAddress: 0x0000000800000000, ArchiveRelocationMode: 0.
[0.011s][info][gc,metaspace] Compressed class space mapped at: 0x0000000801000000-0x0000000841000000, reserved size: 1073741824
[0.011s][info][gc,metaspace] Narrow klass base: 0x0000000800000000, Narrow klass shift: 0, Narrow klass range: 0x100000000
[0.163s][info][gc,start    ] GC(0) Pause Young (Normal) (G1 Evacuation Pause)
[0.163s][info][gc,task     ] GC(0) Using 2 workers of 10 for evacuation
[0.165s][info][gc,phases   ] GC(0)   Pre Evacuate Collection Set: 0.0ms
[0.165s][info][gc,phases   ] GC(0)   Merge Heap Roots: 0.0ms
[0.165s][info][gc,phases   ] GC(0)   Evacuate Collection Set: 1.2ms
[0.165s][info][gc,phases   ] GC(0)   Post Evacuate Collection Set: 0.3ms
[0.165s][info][gc,phases   ] GC(0)   Other: 0.1ms
[0.165s][info][gc,heap     ] GC(0) Eden regions: 2->0(1)
[0.165s][info][gc,heap     ] GC(0) Survivor regions: 0->1(1)
[0.165s][info][gc,heap     ] GC(0) Old regions: 0->1
[0.165s][info][gc,heap     ] GC(0) Archive regions: 0->0
[0.165s][info][gc,heap     ] GC(0) Humongous regions: 0->0
[0.165s][info][gc,metaspace] GC(0) Metaspace: 241K(448K)->241K(448K) NonClass: 222K(320K)->222K(320K) Class: 18K(128K)->18K(128K)
[0.165s][info][gc          ] GC(0) Pause Young (Normal) (G1 Evacuation Pause) 2M->1M(6M) 1.894ms
[0.165s][info][gc,cpu      ] GC(0) User=0.00s Sys=0.00s Real=0.00s
[0.175s][info][gc,start    ] GC(1) Pause Young (Normal) (G1 Evacuation Pause)
[0.175s][info][gc,task     ] GC(1) Using 2 workers of 10 for evacuation
[0.177s][info][gc,phases   ] GC(1)   Pre Evacuate Collection Set: 0.0ms
[0.177s][info][gc,phases   ] GC(1)   Merge Heap Roots: 0.0ms
[0.177s][info][gc,phases   ] GC(1)   Evacuate Collection Set: 0.9ms
[0.177s][info][gc,phases   ] GC(1)   Post Evacuate Collection Set: 0.2ms
[0.177s][info][gc,phases   ] GC(1)   Other: 0.0ms
[0.177s][info][gc,heap     ] GC(1) Eden regions: 1->0(1)
[0.177s][info][gc,heap     ] GC(1) Survivor regions: 1->1(1)
[0.177s][info][gc,heap     ] GC(1) Old regions: 1->1
[0.177s][info][gc,heap     ] GC(1) Archive regions: 0->0
[0.177s][info][gc,heap     ] GC(1) Humongous regions: 0->0
[0.177s][info][gc,metaspace] GC(1) Metaspace: 245K(448K)->245K(448K) NonClass: 226K(320K)->226K(320K) Class: 18K(128K)->18K(128K)
[0.177s][info][gc          ] GC(1) Pause Young (Normal) (G1 Evacuation Pause) 2M->1M(6M) 1.292ms
[0.177s][info][gc,cpu      ] GC(1) User=0.00s Sys=0.00s Real=0.00s
[0.186s][info][gc,start    ] GC(2) Pause Young (Normal) (G1 Evacuation Pause)
[0.186s][info][gc,task     ] GC(2) Using 2 workers of 10 for evacuation
[0.186s][info][gc,phases   ] GC(2)   Pre Evacuate Collection Set: 0.0ms
[0.187s][info][gc,phases   ] GC(2)   Merge Heap Roots: 0.0ms
[0.187s][info][gc,phases   ] GC(2)   Evacuate Collection Set: 0.4ms
[0.187s][info][gc,phases   ] GC(2)   Post Evacuate Collection Set: 0.1ms
[0.187s][info][gc,phases   ] GC(2)   Other: 0.0ms
[0.187s][info][gc,heap     ] GC(2) Eden regions: 1->0(1)
[0.187s][info][gc,heap     ] GC(2) Survivor regions: 1->1(1)
[0.187s][info][gc,heap     ] GC(2) Old regions: 1->2
[0.187s][info][gc,heap     ] GC(2) Archive regions: 0->0
[0.187s][info][gc,heap     ] GC(2) Humongous regions: 0->0
[0.187s][info][gc,metaspace] GC(2) Metaspace: 245K(448K)->245K(448K) NonClass: 226K(320K)->226K(320K) Class: 18K(128K)->18K(128K)
[0.187s][info][gc          ] GC(2) Pause Young (Normal) (G1 Evacuation Pause) 2M->2M(6M) 0.847ms
[0.187s][info][gc,cpu      ] GC(2) User=0.00s Sys=0.00s Real=0.00s
[0.199s][info][gc,start    ] GC(3) Pause Young (Normal) (G1 Evacuation Pause)
[0.199s][info][gc,task     ] GC(3) Using 2 workers of 10 for evacuation
[0.199s][info][gc,phases   ] GC(3)   Pre Evacuate Collection Set: 0.0ms
[0.199s][info][gc,phases   ] GC(3)   Merge Heap Roots: 0.0ms
[0.199s][info][gc,phases   ] GC(3)   Evacuate Collection Set: 0.3ms
[0.199s][info][gc,phases   ] GC(3)   Post Evacuate Collection Set: 0.1ms
[0.199s][info][gc,phases   ] GC(3)   Other: 0.0ms
[0.199s][info][gc,heap     ] GC(3) Eden regions: 1->0(0)
[0.199s][info][gc,heap     ] GC(3) Survivor regions: 1->1(1)
[0.199s][info][gc,heap     ] GC(3) Old regions: 2->3
[0.199s][info][gc,heap     ] GC(3) Archive regions: 0->0
[0.199s][info][gc,heap     ] GC(3) Humongous regions: 1->1
[0.199s][info][gc,metaspace] GC(3) Metaspace: 245K(448K)->245K(448K) NonClass: 226K(320K)->226K(320K) Class: 18K(128K)->18K(128K)
[0.199s][info][gc          ] GC(3) Pause Young (Normal) (G1 Evacuation Pause) (Evacuation Failure) 4M->4M(6M) 0.903ms
[0.199s][info][gc,cpu      ] GC(3) User=0.00s Sys=0.00s Real=0.00s
[0.199s][info][gc,ergo     ] Attempting full compaction
[0.199s][info][gc,start    ] GC(4) Pause Full (G1 Compaction Pause)
[0.200s][info][gc,task     ] GC(4) Using 1 workers of 10 for full compaction
[0.200s][info][gc,phases,start] GC(4) Phase 1: Mark live objects
[0.201s][info][gc,phases      ] GC(4) Phase 1: Mark live objects 1.505ms
[0.201s][info][gc,phases,start] GC(4) Phase 2: Prepare compaction
[0.201s][info][gc,phases      ] GC(4) Phase 2: Prepare compaction 0.220ms
[0.201s][info][gc,phases,start] GC(4) Phase 3: Adjust pointers
[0.202s][info][gc,phases      ] GC(4) Phase 3: Adjust pointers 0.515ms
[0.202s][info][gc,phases,start] GC(4) Phase 4: Compact heap
[0.202s][info][gc,phases      ] GC(4) Phase 4: Compact heap 0.564ms
[0.203s][info][gc,heap        ] GC(4) Eden regions: 0->0(1)
[0.203s][info][gc,heap        ] GC(4) Survivor regions: 1->0(1)
[0.203s][info][gc,heap        ] GC(4) Old regions: 3->4
[0.203s][info][gc,heap        ] GC(4) Archive regions: 0->0
[0.203s][info][gc,heap        ] GC(4) Humongous regions: 1->1
[0.203s][info][gc,metaspace   ] GC(4) Metaspace: 245K(448K)->245K(448K) NonClass: 226K(320K)->226K(320K) Class: 18K(128K)->18K(128K)
[0.203s][info][gc             ] GC(4) Pause Full (G1 Compaction Pause) 4M->4M(6M) 3.345ms
[0.203s][info][gc,cpu         ] GC(4) User=0.00s Sys=0.00s Real=0.00s
[0.207s][info][gc,start       ] GC(5) Pause Young (Concurrent Start) (G1 Evacuation Pause)
[0.207s][info][gc,task        ] GC(5) Using 2 workers of 10 for evacuation
[0.208s][info][gc,phases      ] GC(5)   Pre Evacuate Collection Set: 0.1ms
[0.208s][info][gc,phases      ] GC(5)   Merge Heap Roots: 0.0ms
[0.208s][info][gc,phases      ] GC(5)   Evacuate Collection Set: 0.2ms
[0.208s][info][gc,phases      ] GC(5)   Post Evacuate Collection Set: 0.1ms
[0.208s][info][gc,phases      ] GC(5)   Other: 0.1ms
[0.208s][info][gc,heap        ] GC(5) Eden regions: 1->0(0)
[0.208s][info][gc,heap        ] GC(5) Survivor regions: 0->0(0)
[0.208s][info][gc,heap        ] GC(5) Old regions: 4->5
[0.208s][info][gc,heap        ] GC(5) Archive regions: 0->0
[0.208s][info][gc,heap        ] GC(5) Humongous regions: 1->1
[0.208s][info][gc,metaspace   ] GC(5) Metaspace: 245K(448K)->245K(448K) NonClass: 227K(320K)->227K(320K) Class: 18K(128K)->18K(128K)
[0.208s][info][gc             ] GC(5) Pause Young (Concurrent Start) (G1 Evacuation Pause) (Evacuation Failure) 5M->5M(6M) 0.617ms
[0.208s][info][gc,cpu         ] GC(5) User=0.00s Sys=0.00s Real=0.00s
[0.208s][info][gc             ] GC(6) Concurrent Mark Cycle
[0.208s][info][gc,ergo        ] Attempting full compaction
[0.208s][info][gc,marking     ] GC(6) Concurrent Scan Root Regions
[0.208s][info][gc,start       ] GC(7) Pause Full (G1 Compaction Pause)
[0.208s][info][gc,marking     ] GC(6) Concurrent Scan Root Regions 0.099ms
[0.208s][info][gc,task        ] GC(7) Using 1 workers of 10 for full compaction
[0.208s][info][gc,marking     ] GC(6) Concurrent Mark
[0.208s][info][gc,marking     ] GC(6) Concurrent Mark From Roots
[0.208s][info][gc,phases,start] GC(7) Phase 1: Mark live objects
[0.208s][info][gc,task        ] GC(6) Using 3 workers of 3 for marking
[0.210s][info][gc,phases      ] GC(7) Phase 1: Mark live objects 2.263ms
[0.210s][info][gc,phases,start] GC(7) Phase 2: Prepare compaction
[0.211s][info][gc,phases      ] GC(7) Phase 2: Prepare compaction 0.232ms
[0.211s][info][gc,phases,start] GC(7) Phase 3: Adjust pointers
[0.211s][info][gc,phases      ] GC(7) Phase 3: Adjust pointers 0.612ms
[0.211s][info][gc,phases,start] GC(7) Phase 4: Compact heap
[0.211s][info][gc,phases      ] GC(7) Phase 4: Compact heap 0.120ms
[0.212s][info][gc,heap        ] GC(7) Eden regions: 0->0(1)
[0.212s][info][gc,heap        ] GC(7) Survivor regions: 0->0(0)
[0.212s][info][gc,heap        ] GC(7) Old regions: 5->4
[0.212s][info][gc,heap        ] GC(7) Archive regions: 0->0
[0.212s][info][gc,heap        ] GC(7) Humongous regions: 1->1
[0.212s][info][gc,metaspace   ] GC(7) Metaspace: 245K(448K)->244K(448K) NonClass: 227K(320K)->226K(320K) Class: 18K(128K)->18K(128K)
[0.212s][info][gc             ] GC(7) Pause Full (G1 Compaction Pause) 5M->4M(6M) 3.883ms
[0.212s][info][gc,cpu         ] GC(7) User=0.00s Sys=0.00s Real=0.00s
[0.212s][info][gc,marking     ] GC(6) Concurrent Mark From Roots 3.831ms
[0.212s][info][gc,marking     ] GC(6) Concurrent Mark Abort
[0.212s][info][gc             ] GC(6) Concurrent Mark Cycle 4.092ms
[0.214s][info][gc,start       ] GC(8) Pause Young (Concurrent Start) (G1 Humongous Allocation)
[0.214s][info][gc,task        ] GC(8) Using 2 workers of 10 for evacuation
[0.214s][info][gc,phases      ] GC(8)   Pre Evacuate Collection Set: 0.0ms
[0.214s][info][gc,phases      ] GC(8)   Merge Heap Roots: 0.0ms
[0.214s][info][gc,phases      ] GC(8)   Evacuate Collection Set: 0.1ms
[0.214s][info][gc,phases      ] GC(8)   Post Evacuate Collection Set: 0.1ms
[0.214s][info][gc,phases      ] GC(8)   Other: 0.1ms
[0.215s][info][gc,heap        ] GC(8) Eden regions: 1->0(0)
[0.215s][info][gc,heap        ] GC(8) Survivor regions: 0->0(0)
[0.215s][info][gc,heap        ] GC(8) Old regions: 4->5
[0.215s][info][gc,heap        ] GC(8) Archive regions: 0->0
[0.215s][info][gc,heap        ] GC(8) Humongous regions: 1->1
[0.215s][info][gc,metaspace   ] GC(8) Metaspace: 244K(448K)->244K(448K) NonClass: 226K(320K)->226K(320K) Class: 18K(128K)->18K(128K)
[0.215s][info][gc             ] GC(8) Pause Young (Concurrent Start) (G1 Humongous Allocation) (Evacuation Failure) 5M->5M(6M) 0.492ms
[0.215s][info][gc,cpu         ] GC(8) User=0.00s Sys=0.00s Real=0.00s
[0.215s][info][gc             ] GC(9) Concurrent Mark Cycle
[0.215s][info][gc,ergo        ] Attempting full compaction clearing soft references
[0.215s][info][gc,marking     ] GC(9) Concurrent Scan Root Regions
[0.215s][info][gc,start       ] GC(10) Pause Full (G1 Compaction Pause)
[0.215s][info][gc,marking     ] GC(9) Concurrent Scan Root Regions 0.039ms
[0.215s][info][gc,task        ] GC(10) Using 1 workers of 10 for full compaction
[0.215s][info][gc,marking     ] GC(9) Concurrent Mark
[0.215s][info][gc,marking     ] GC(9) Concurrent Mark From Roots
[0.215s][info][gc,task        ] GC(9) Using 3 workers of 3 for marking
[0.215s][info][gc,phases,start] GC(10) Phase 1: Mark live objects
[0.217s][info][gc,phases      ] GC(10) Phase 1: Mark live objects 1.782ms
[0.217s][info][gc,phases,start] GC(10) Phase 2: Prepare compaction
[0.217s][info][gc,phases      ] GC(10) Phase 2: Prepare compaction 0.247ms
[0.217s][info][gc,phases,start] GC(10) Phase 3: Adjust pointers
[0.217s][info][gc,phases      ] GC(10) Phase 3: Adjust pointers 0.577ms
[0.217s][info][gc,phases,start] GC(10) Phase 4: Compact heap
[0.218s][info][gc,phases      ] GC(10) Phase 4: Compact heap 0.100ms
[0.218s][info][gc,heap        ] GC(10) Eden regions: 0->0(0)
[0.218s][info][gc,heap        ] GC(10) Survivor regions: 0->0(0)
[0.218s][info][gc,heap        ] GC(10) Old regions: 5->5
[0.218s][info][gc,heap        ] GC(10) Archive regions: 0->0
[0.218s][info][gc,heap        ] GC(10) Humongous regions: 1->1
[0.218s][info][gc,metaspace   ] GC(10) Metaspace: 244K(448K)->244K(448K) NonClass: 226K(320K)->226K(320K) Class: 18K(128K)->18K(128K)
[0.218s][info][gc             ] GC(10) Pause Full (G1 Compaction Pause) 5M->5M(6M) 3.268ms
[0.218s][info][gc,cpu         ] GC(10) User=0.00s Sys=0.00s Real=0.00s
[0.218s][info][gc,marking     ] GC(9) Concurrent Mark From Roots 3.224ms
[0.218s][info][gc,start       ] GC(11) Pause Young (Normal) (G1 Humongous Allocation)
[0.218s][info][gc,task        ] GC(11) Using 2 workers of 10 for evacuation
[0.218s][info][gc,phases      ] GC(11)   Pre Evacuate Collection Set: 0.0ms
[0.218s][info][gc,phases      ] GC(11)   Merge Heap Roots: 0.0ms
[0.218s][info][gc,phases      ] GC(11)   Evacuate Collection Set: 0.0ms
[0.218s][info][gc,phases      ] GC(11)   Post Evacuate Collection Set: 0.1ms
[0.218s][info][gc,phases      ] GC(11)   Other: 0.0ms
[0.218s][info][gc,heap        ] GC(11) Eden regions: 0->0(0)
[0.218s][info][gc,heap        ] GC(11) Survivor regions: 0->0(0)
[0.218s][info][gc,heap        ] GC(11) Old regions: 5->5
[0.218s][info][gc,heap        ] GC(11) Archive regions: 0->0
[0.218s][info][gc,heap        ] GC(11) Humongous regions: 1->1
[0.218s][info][gc,metaspace   ] GC(11) Metaspace: 244K(448K)->244K(448K) NonClass: 226K(320K)->226K(320K) Class: 18K(128K)->18K(128K)
[0.218s][info][gc             ] GC(11) Pause Young (Normal) (G1 Humongous Allocation) 5M->5M(6M) 0.346ms
[0.218s][info][gc,cpu         ] GC(11) User=0.00s Sys=0.00s Real=0.00s
[0.218s][info][gc,ergo        ] Attempting full compaction
[0.218s][info][gc,start       ] GC(12) Pause Full (G1 Compaction Pause)
[0.218s][info][gc,task        ] GC(12) Using 1 workers of 10 for full compaction
[0.218s][info][gc,phases,start] GC(12) Phase 1: Mark live objects
[0.220s][info][gc,phases      ] GC(12) Phase 1: Mark live objects 1.470ms
[0.220s][info][gc,phases,start] GC(12) Phase 2: Prepare compaction
[0.220s][info][gc,phases      ] GC(12) Phase 2: Prepare compaction 0.273ms
[0.220s][info][gc,phases,start] GC(12) Phase 3: Adjust pointers
[0.221s][info][gc,phases      ] GC(12) Phase 3: Adjust pointers 0.579ms
[0.221s][info][gc,phases,start] GC(12) Phase 4: Compact heap
[0.221s][info][gc,phases      ] GC(12) Phase 4: Compact heap 0.025ms
[0.221s][info][gc,heap        ] GC(12) Eden regions: 0->0(0)
[0.221s][info][gc,heap        ] GC(12) Survivor regions: 0->0(0)
[0.221s][info][gc,heap        ] GC(12) Old regions: 5->5
[0.221s][info][gc,heap        ] GC(12) Archive regions: 0->0
[0.221s][info][gc,heap        ] GC(12) Humongous regions: 1->1
[0.221s][info][gc,metaspace   ] GC(12) Metaspace: 244K(448K)->244K(448K) NonClass: 226K(320K)->226K(320K) Class: 18K(128K)->18K(128K)
[0.221s][info][gc             ] GC(12) Pause Full (G1 Compaction Pause) 5M->5M(6M) 2.805ms
[0.221s][info][gc,cpu         ] GC(12) User=0.00s Sys=0.00s Real=0.00s
[0.221s][info][gc,ergo        ] Attempting maximal full compaction clearing soft references
[0.221s][info][gc,start       ] GC(13) Pause Full (G1 Compaction Pause)
[0.221s][info][gc,task        ] GC(13) Using 1 workers of 10 for full compaction
[0.221s][info][gc,phases,start] GC(13) Phase 1: Mark live objects
[0.223s][info][gc,phases      ] GC(13) Phase 1: Mark live objects 1.511ms
[0.223s][info][gc,phases,start] GC(13) Phase 2: Prepare compaction
[0.223s][info][gc,phases      ] GC(13) Phase 2: Prepare compaction 0.293ms
[0.223s][info][gc,phases,start] GC(13) Phase 3: Adjust pointers
[0.224s][info][gc,phases      ] GC(13) Phase 3: Adjust pointers 0.703ms
[0.224s][info][gc,phases,start] GC(13) Phase 4: Compact heap
[0.224s][info][gc,phases      ] GC(13) Phase 4: Compact heap 0.510ms
[0.225s][info][gc,heap        ] GC(13) Eden regions: 0->0(0)
[0.225s][info][gc,heap        ] GC(13) Survivor regions: 0->0(0)
[0.225s][info][gc,heap        ] GC(13) Old regions: 5->5
[0.225s][info][gc,heap        ] GC(13) Archive regions: 0->0
[0.225s][info][gc,heap        ] GC(13) Humongous regions: 1->1
[0.225s][info][gc,metaspace   ] GC(13) Metaspace: 244K(448K)->244K(448K) NonClass: 226K(320K)->226K(320K) Class: 18K(128K)->18K(128K)
[0.225s][info][gc             ] GC(13) Pause Full (G1 Compaction Pause) 5M->5M(6M) 3.654ms
[0.225s][info][gc,cpu         ] GC(13) User=0.00s Sys=0.00s Real=0.00s
[0.225s][info][gc,marking     ] GC(9) Concurrent Mark Abort
[0.225s][info][gc             ] GC(9) Concurrent Mark Cycle 10.376ms
[0.225s][info][gc,start       ] GC(14) Pause Young (Normal) (G1 Evacuation Pause)
[0.225s][info][gc,task        ] GC(14) Using 2 workers of 10 for evacuation
[0.225s][info][gc,phases      ] GC(14)   Pre Evacuate Collection Set: 0.0ms
[0.225s][info][gc,phases      ] GC(14)   Merge Heap Roots: 0.0ms
[0.225s][info][gc,phases      ] GC(14)   Evacuate Collection Set: 0.0ms
[0.225s][info][gc,phases      ] GC(14)   Post Evacuate Collection Set: 0.1ms
[0.225s][info][gc,phases      ] GC(14)   Other: 0.0ms
[0.225s][info][gc,heap        ] GC(14) Eden regions: 0->0(0)
[0.225s][info][gc,heap        ] GC(14) Survivor regions: 0->0(0)
[0.225s][info][gc,heap        ] GC(14) Old regions: 5->5
[0.225s][info][gc,heap        ] GC(14) Archive regions: 0->0
[0.225s][info][gc,heap        ] GC(14) Humongous regions: 1->1
[0.225s][info][gc,metaspace   ] GC(14) Metaspace: 246K(448K)->246K(448K) NonClass: 227K(320K)->227K(320K) Class: 18K(128K)->18K(128K)
[0.225s][info][gc             ] GC(14) Pause Young (Normal) (G1 Evacuation Pause) 5M->5M(6M) 0.352ms
[0.225s][info][gc,cpu         ] GC(14) User=0.00s Sys=0.00s Real=0.00s
[0.225s][info][gc,ergo        ] Attempting full compaction
[0.225s][info][gc,start       ] GC(15) Pause Full (G1 Compaction Pause)
[0.225s][info][gc,task        ] GC(15) Using 1 workers of 10 for full compaction
[0.226s][info][gc,phases,start] GC(15) Phase 1: Mark live objects
[0.227s][info][gc,phases      ] GC(15) Phase 1: Mark live objects 1.484ms
[0.227s][info][gc,phases,start] GC(15) Phase 2: Prepare compaction
[0.227s][info][gc,phases      ] GC(15) Phase 2: Prepare compaction 0.241ms
[0.227s][info][gc,phases,start] GC(15) Phase 3: Adjust pointers
[0.228s][info][gc,phases      ] GC(15) Phase 3: Adjust pointers 0.644ms
[0.228s][info][gc,phases,start] GC(15) Phase 4: Compact heap
[0.228s][info][gc,phases      ] GC(15) Phase 4: Compact heap 0.066ms
[0.228s][info][gc,heap        ] GC(15) Eden regions: 0->0(1)
[0.228s][info][gc,heap        ] GC(15) Survivor regions: 0->0(0)
[0.228s][info][gc,heap        ] GC(15) Old regions: 5->4
[0.228s][info][gc,heap        ] GC(15) Archive regions: 0->0
[0.228s][info][gc,heap        ] GC(15) Humongous regions: 1->1
[0.228s][info][gc,metaspace   ] GC(15) Metaspace: 246K(448K)->246K(448K) NonClass: 227K(320K)->227K(320K) Class: 18K(128K)->18K(128K)
[0.228s][info][gc             ] GC(15) Pause Full (G1 Compaction Pause) 5M->4M(6M) 2.929ms
[0.228s][info][gc,cpu         ] GC(15) User=0.00s Sys=0.00s Real=0.00s
